[TIME: 0] Printer 0 online, ready to take jobs.
[TIME: 0] Printer 1 online, ready to take jobs.
[TIME: 0] Job job1 (NORMAL) scheduled to printer 0, printing will take 10.
[TIME: 0] Job job2 (HIGH) scheduled to printer 1, printing will take 10.
[TIME: 0] Job job3 (NORMAL) scheduled to printer 0, printing will take 20.
[TIME: 0] Job job4 (HIGH) scheduled to printer 0, printing will take 20.
[TIME: 10] Job job2 has finished printing. Total wait time: 10.
[TIME: 15] Job jobf (NORMAL) scheduled to printer 1, printing will take 40.
All print jobs have been assigned to a printer!
[TIME: 20] Job job4 has finished printing. Total wait time: 20.
[TIME: 30] Job job1 has finished printing. Total wait time: 30.
[TIME: 50] Job job3 has finished printing. Total wait time: 50.
[TIME: 55] Job jobf has finished printing. Total wait time: 40.
All printing jobs have been processed!